// Jest Snapshot v1, https://goo.gl/fbAQLP

exports[`App.vue Tiene la estructura HTML esperada 1`] = `
<div
  id="app"
>
  <listamensajes-stub
    mensajes="Hola Don Pepito,Hola Don José"
  >
    <header>
      Header externo
    </header>
     
    <mensaje-stub
      autor="Maria"
      mensaje="Hola Don Pepito"
    />
    <mensaje-stub
      autor="Maria"
      mensaje="Hola Don José"
    />
  </listamensajes-stub>
   
  <formulario-stub
    reversed="true"
  />
</div>
`;
